// Jest Snapshot v1, https://goo.gl/fbAQLP

exports[`Test Profile component should renders Profile component 1`] = `
<main
  className="mt-6 px-12 w-full flex flex-col gap-6 md:flex-row"
>
  <section
    className="md:w-1/2"
  >
    <h2
      className="text-2xl font-semibold pl-2 pb-4"
    >
      My Rockets
    </h2>
    <ul
      className="flex flex-col border-t-2 border-gray-500"
    >
      <span
        className="flex h-24 text-lg border-2 border-t-0 border-gray-500 items-center p-4"
      >
        You have no reserved rockets
      </span>
    </ul>
  </section>
  <section
    className="w-1/2"
  >
    <h2
      className="text-2xl font-semibold pl-2 pb-4"
    >
      My Missions
    </h2>
    <ul
      className="flex flex-col"
    />
  </section>
</main>
`;
